// Jest Snapshot v1, https://goo.gl/fbAQLP

exports[`Prueba en el componente <GifGridItem /> Prueba que el componente se muestre correctamente 1`] = `
<div
  className="card animate__animated animate__fadeIn"
>
  <img
    alt="Un título"
    src="https://localhost/lago.jpg"
  />
  <p>
    Un título
  </p>
</div>
`;
