// Jest Snapshot v1, https://goo.gl/fbAQLP

exports[`Prueba en el componente <GifGrid /> debe de mostrarse correctamente 1`] = `
<Fragment>
  <h3
    className="animate__animated animate__fadeIn"
  >
    One Punch
  </h3>
  <div
    className="card-grid"
  />
</Fragment>
`;
